Microsoft (R) Macro Assembler Version 14.28.29337.0	    02/28/21 21:00:40
Lab5.asm						     Page 1 - 1


				; Example assembly language program -- adds 158 to number in memory
				; Author:  R. Detmer
				; Date:    6/2013

				.586
				.MODEL FLAT

				.STACK  4096            ; reserve 4096-byte stack

 00000000			.DATA                   ; reserve storage for data
 00000000 FFFFFFFF		 dval DWORD -1 ; initialize dval with -1
 00000004 F6			 bval BYTE -10 ; initalize bval as byte size with -10
 00000005 FFFFFFFF		 tval DWORD -1 ; initialize tval as double word with -1

 00000000			.CODE                           ; start of main program code
 00000000			main    PROC

				        ; Question One
 00000000  B8 000001A2		        mov eax, 000001A2h
 00000005  B8 00000064		        mov eax, 100    
				        
				        ; Question Two
 0000000A  B8 001234AB		        mov eax, 1234ABh
 0000000F  B4 00		        mov AH, 0

				        ; Question Three
 00000011  BA FF754C2E		        mov edx, 0FF754C2Eh 
 00000016  8B 15 00000000 R	        mov edx, dval    
				        
				        ; Question Four
 0000001C  B9 00003A4C		        mov ecx, 00003A4Ch 
 00000021  C7 05 00000000 R	        mov dval, -100     
	   FFFFFF9C
 0000002B  89 0D 00000000 R	        mov dval, ecx     

				        ; Question Five
 00000031  BB 00000000		        mov ebx, 00000000h 
 00000036  BB 00000080		        mov ebx, 128

				        ; Question Six
 0000003B  B9 1A2B3C4D		        mov ecx, 1A2B3C4Dh 
 00000040  8A 0D 00000004 R	        mov CL, bval 

				        ; Question Seven 
 00000046  B8 1A2B3C4D		        mov eax, 1A2B3C4Dh 
 0000004B  87 05 00000005 R	        xchg tval, eax 

				        ; Question Eight
 00000051  66| BA FF75		        mov dx, 0FF75h
 00000055  86 D6		        xchg dl, dh

				        ; Question Nine
 00000057  B8 12BC9A78		        mov eax, 12BC9A78h
 0000005C  BA 56DE34F0		        mov edx, 56DE34F0h
 00000061  92			        xchg eax, edx

				        ; Question Ten
 00000062  BB 12345678		        mov ebx, 12345678h
 00000067  BA 9ABCDEF0		        mov edx, 9ABCDEF0h
 0000006C  66| 87 DA		        xchg bx, dx

				      
 0000006F  B8 00000000		        mov   eax, 0            ; exit with return code 0
 00000074  C3			        ret
 00000075			main    ENDP

				END                             ; end of source code
Microsoft (R) Macro Assembler Version 14.28.29337.0	    02/28/21 21:00:40
Lab5.asm						     Symbols 2 - 1




Segments and Groups:

                N a m e                 Size     Length   Align   Combine Class

FLAT . . . . . . . . . . . . . .	GROUP
STACK  . . . . . . . . . . . . .	32 Bit	 00001000 Para	  Stack	  'STACK'	 
_DATA  . . . . . . . . . . . . .	32 Bit	 00000009 Para	  Public  'DATA'	
_TEXT  . . . . . . . . . . . . .	32 Bit	 00000075 Para	  Public  'CODE'	


Procedures, parameters, and locals:

                N a m e                 Type     Value    Attr

main . . . . . . . . . . . . . .	P Near	 00000000 _TEXT	Length= 00000075 Public


Symbols:

                N a m e                 Type     Value    Attr

@CodeSize  . . . . . . . . . . .	Number	 00000000h   
@DataSize  . . . . . . . . . . .	Number	 00000000h   
@Interface . . . . . . . . . . .	Number	 00000000h   
@Model . . . . . . . . . . . . .	Number	 00000007h   
@code  . . . . . . . . . . . . .	Text   	 _TEXT
@data  . . . . . . . . . . . . .	Text   	 FLAT
@fardata?  . . . . . . . . . . .	Text   	 FLAT
@fardata . . . . . . . . . . . .	Text   	 FLAT
@stack . . . . . . . . . . . . .	Text   	 FLAT
bval . . . . . . . . . . . . . .	Byte	 00000004 _DATA	
dval . . . . . . . . . . . . . .	DWord	 00000000 _DATA	
tval . . . . . . . . . . . . . .	DWord	 00000005 _DATA	

	   0 Warnings
	   0 Errors
