 windows32

 Timestamp is 603859cd (Thu Feb 25 18:15:41 2021)

 Preferred load address is 00400000

 Start         Length     Name                   Class
 0001:00000000 00010000H .textbss                DATA
 0002:00000000 00005b01H .text$mn                CODE
 0003:00000000 00000104H .CRT$XCA                DATA
 0003:00000104 00000104H .CRT$XCAA               DATA
 0003:00000208 00000104H .CRT$XCZ                DATA
 0003:0000030c 00000104H .CRT$XIA                DATA
 0003:00000410 00000104H .CRT$XIAA               DATA
 0003:00000514 00000104H .CRT$XIAC               DATA
 0003:00000618 00000104H .CRT$XIZ                DATA
 0003:0000071c 00000104H .CRT$XPA                DATA
 0003:00000820 00000104H .CRT$XPZ                DATA
 0003:00000924 00000104H .CRT$XTA                DATA
 0003:00000a28 00000108H .CRT$XTZ                DATA
 0003:00000b30 00000c50H .rdata                  DATA
 0003:00001780 00000104H .rdata$CastGuardVftablesA DATA
 0003:00001884 00000104H .rdata$CastGuardVftablesC DATA
 0003:00001988 00000170H .rdata$zzzdbg           DATA
 0003:00001af8 00000104H .rtc$IAA                DATA
 0003:00001bfc 00000104H .rtc$IMZ                DATA
 0003:00001d00 00000104H .rtc$IZZ                DATA
 0003:00001e04 00000104H .rtc$TAA                DATA
 0003:00001f08 00000104H .rtc$TMZ                DATA
 0003:0000200c 00000104H .rtc$TZZ                DATA
 0003:00002110 00000169H .xdata$x                DATA
 0003:00002279 00000000H .edata                  DATA
 0004:00000000 00000200H .data                   DATA
 0004:00000200 000006ccH .bss                    DATA
 0005:00000000 00000200H .idata$5                DATA
 0005:00000200 00000050H .idata$2                DATA
 0005:00000250 00000014H .idata$3                DATA
 0005:00000264 00000200H .idata$4                DATA
 0005:00000464 00000753H .idata$6                DATA
 0006:00000000 00000109H .00cfg                  DATA
 0007:00000000 000001c0H .rsrc$01                DATA
 0007:000001c0 00000396H .rsrc$02                DATA

  Address         Publics by Value              Rva+Base       Lib:Object

 0000:00000000       ___guard_fids_count        00000000     <absolute>
 0000:00000000       ___x64_code_ranges_to_entry_points_count 00000000     <absolute>
 0000:00000000       ___x64_code_ranges_to_entry_points 00000000     <absolute>
 0000:00000000       ___guard_fids_table        00000000     <absolute>
 0000:00000000       ___guard_iat_count         00000000     <absolute>
 0000:00000000       ___arm64x_redirection_metadata 00000000     <absolute>
 0000:00000000       ___guard_eh_cont_table     00000000     <absolute>
 0000:00000000       ___enclave_config          00000000     <absolute>
 0000:00000000       ___arm64x_extra_rfe_table  00000000     <absolute>
 0000:00000000       ___guard_iat_table         00000000     <absolute>
 0000:00000000       ___hybrid_code_map_count   00000000     <absolute>
 0000:00000000       ___volatile_metadata       00000000     <absolute>
 0000:00000000       ___hybrid_code_map         00000000     <absolute>
 0000:00000000       ___arm64x_extra_rfe_table_size 00000000     <absolute>
 0000:00000000       ___safe_se_handler_count   00000000     <absolute>
 0000:00000000       ___guard_eh_cont_count     00000000     <absolute>
 0000:00000000       ___safe_se_handler_table   00000000     <absolute>
 0000:00000000       ___guard_longjmp_count     00000000     <absolute>
 0000:00000000       ___AbsoluteZero            00000000     <absolute>
 0000:00000000       ___arm64x_native_entrypoint 00000000     <absolute>
 0000:00000000       ___arm64x_redirection_metadata_count 00000000     <absolute>
 0000:00000000       ___guard_longjmp_table     00000000     <absolute>
 0000:00000000       ___hybrid_auxiliary_iat    00000000     <absolute>
 0000:00000000       ___dynamic_value_reloc_table 00000000     <absolute>
 0000:00000100       ___guard_flags             00000100     <absolute>
 0000:00000000       ___ImageBase               00400000     <linker-defined>
 0001:00000000       __enc$textbss$begin        00401000     <linker-defined>
 0001:00010000       __enc$textbss$end          00411000     <linker-defined>
 0002:000007b0       _DlgProc@16                004117b0 f   framework.obj
 0002:00000990       _WinMain@16                00411990 f   framework.obj
 0002:000009f0       _getInput                  004119f0 f   framework.obj
 0002:00000ac0       _showOutput                00411ac0 f   framework.obj
 0002:00000b20       _MainProc                  00411b20 f   example.obj
 0002:00000c80       wtoaproc                   00411c80 f   io.obj
 0002:00000ced       dtoaproc                   00411ced f   io.obj
 0002:00000d68       atowproc                   00411d68 f   io.obj
 0002:00000dc4       atodproc                   00411dc4 f   io.obj
 0002:00000e86       _DialogBoxParamA@20        00411e86 f   user32:USER32.dll
 0002:00000e8c       _EndDialog@8               00411e8c f   user32:USER32.dll
 0002:00000e92       _GetDlgItem@8              00411e92 f   user32:USER32.dll
 0002:00000e98       _SetDlgItemTextA@12        00411e98 f   user32:USER32.dll
 0002:00000e9e       _GetDlgItemTextA@16        00411e9e f   user32:USER32.dll
 0002:00000ea4       _GetWindowTextLengthA@4    00411ea4 f   user32:USER32.dll
 0002:00000eaa       _MessageBoxA@16            00411eaa f   user32:USER32.dll
 0002:00000eb0       ___raise_securityfailure   00411eb0 f   MSVCRTD:gs_report.obj
 0002:00000ef0       ___report_gsfailure        00411ef0 f   MSVCRTD:gs_report.obj
 0002:00001040       ___report_rangecheckfailure 00412040 f   MSVCRTD:gs_report.obj
 0002:00001050       ___report_securityfailure  00412050 f   MSVCRTD:gs_report.obj
 0002:00001160       ___report_securityfailureEx 00412160 f   MSVCRTD:gs_report.obj
 0002:000012d0       @_RTC_AllocaHelper@12      004122d0 f   MSVCRTD:stack.obj
 0002:00001310       @_RTC_CheckStackVars2@12   00412310 f   MSVCRTD:stack.obj
 0002:00001420       @_RTC_CheckStackVars@8     00412420 f   MSVCRTD:stack.obj
 0002:00001490       __RTC_CheckEsp             00412490 f   MSVCRTD:stack.obj
 0002:000014d0       __CRT_RTC_INIT             004124d0 f   MSVCRTD:init.obj
 0002:000014e0       __CRT_RTC_INITW            004124e0 f   MSVCRTD:init.obj
 0002:000014f0       __RTC_InitBase             004124f0 f   MSVCRTD:init.obj
 0002:00001530       __RTC_Shutdown             00412530 f   MSVCRTD:init.obj
 0002:00001920       ?configure_argv@__scrt_narrow_argv_policy@@SAHXZ 00412920 f i MSVCRTD:exe_winmain.obj
 0002:00001940       ?initialize_environment@__scrt_narrow_environment_policy@@SAHXZ 00412940 f i MSVCRTD:exe_winmain.obj
 0002:00001990       ?set_app_type@__scrt_winmain_policy@@SAXXZ 00412990 f i MSVCRTD:exe_winmain.obj
 0002:000019b0       ?set_commode@__scrt_file_policy@@SAXXZ 004129b0 f i MSVCRTD:exe_winmain.obj
 0002:000019d0       ?set_fmode@__scrt_file_policy@@SAXXZ 004129d0 f i MSVCRTD:exe_winmain.obj
 0002:000019f0       _WinMainCRTStartup         004129f0 f   MSVCRTD:exe_winmain.obj
 0002:00001ab0       ?_RTC_AllocaFailure@@YAXPAXPAU_RTC_ALLOCA_NODE@@H@Z 00412ab0 f   MSVCRTD:error.obj
 0002:00001bd0       ?_RTC_Failure@@YAXPAXH@Z   00412bd0 f   MSVCRTD:error.obj
 0002:00001c40       ?_RTC_StackFailure@@YAXPAXPBD@Z 00412c40 f   MSVCRTD:error.obj
 0002:000020f0       __RTC_UninitUse            004130f0 f   MSVCRTD:error.obj
 0002:000021d0       ___local_stdio_printf_options 004131d0 f i MSVCRTD:error.obj
 0002:000021e0       __vsprintf_s_l             004131e0 f i MSVCRTD:error.obj
 0002:00002220       _sprintf_s                 00413220 f i MSVCRTD:error.obj
 0002:00002250       ?_RTC_GetErrorFunc@@YAP6AHHPBDH00ZZPBX@Z 00413250 f   MSVCRTD:userapi.obj
 0002:00002260       ?_RTC_GetErrorFuncW@@YAP6AHHPB_WH00ZZPBX@Z 00413260 f   MSVCRTD:userapi.obj
 0002:00002270       __RTC_GetErrDesc           00413270 f   MSVCRTD:userapi.obj
 0002:00002290       __RTC_NumErrors            00413290 f   MSVCRTD:userapi.obj
 0002:000022a0       __RTC_SetErrorFunc         004132a0 f   MSVCRTD:userapi.obj
 0002:000022d0       __RTC_SetErrorFuncW        004132d0 f   MSVCRTD:userapi.obj
 0002:00002300       __RTC_SetErrorType         00413300 f   MSVCRTD:userapi.obj
 0002:00002470       _NtCurrentTeb              00413470 f i MSVCRTD:utility.obj
 0002:00002480       ___scrt_acquire_startup_lock 00413480 f   MSVCRTD:utility.obj
 0002:000024e0       ___scrt_dllmain_after_initialize_c 004134e0 f   MSVCRTD:utility.obj
 0002:00002520       ___scrt_dllmain_before_initialize_c 00413520 f   MSVCRTD:utility.obj
 0002:00002550       ___scrt_dllmain_crt_thread_attach 00413550 f   MSVCRTD:utility.obj
 0002:00002590       ___scrt_dllmain_crt_thread_detach 00413590 f   MSVCRTD:utility.obj
 0002:000025b0       ___scrt_dllmain_exception_filter 004135b0 f   MSVCRTD:utility.obj
 0002:00002610       ___scrt_dllmain_uninitialize_c 00413610 f   MSVCRTD:utility.obj
 0002:00002650       ___scrt_dllmain_uninitialize_critical 00413650 f   MSVCRTD:utility.obj
 0002:00002670       ___scrt_initialize_crt     00413670 f   MSVCRTD:utility.obj
 0002:000026d0       ___scrt_initialize_onexit_tables 004136d0 f   MSVCRTD:utility.obj
 0002:000027e0       ___scrt_is_nonwritable_in_current_image 004137e0 f   MSVCRTD:utility.obj
 0002:00002960       ___scrt_release_startup_lock 00413960 f   MSVCRTD:utility.obj
 0002:00002990       ___scrt_uninitialize_crt   00413990 f   MSVCRTD:utility.obj
 0002:000029e0       __onexit                   004139e0 f   MSVCRTD:utility.obj
 0002:00002a60       _at_quick_exit             00413a60 f   MSVCRTD:utility.obj
 0002:00002ab0       _atexit                    00413ab0 f   MSVCRTD:utility.obj
 0002:00002b80       ___security_init_cookie    00413b80 f   MSVCRTD:gs_support.obj
 0002:00002c20       __matherr                  00413c20 f   MSVCRTD:matherr.obj
 0002:00002c30       __get_startup_argv_mode    00413c30 f   MSVCRTD:argv_mode.obj
 0002:00002c40       __get_startup_commit_mode  00413c40 f   MSVCRTD:commit_mode.obj
 0002:00002c50       __get_startup_file_mode    00413c50 f   MSVCRTD:file_mode.obj
 0002:00002c60       __get_startup_new_mode     00413c60 f   MSVCRTD:new_mode.obj
 0002:00002c70       __get_startup_thread_locale_mode 00413c70 f   MSVCRTD:thread_locale.obj
 0002:00002c80       ?__scrt_initialize_type_info@@YAXXZ 00413c80 f   MSVCRTD:tncleanup.obj
 0002:00002ca0       ?__scrt_uninitialize_type_info@@YAXXZ 00413ca0 f   MSVCRTD:tncleanup.obj
 0002:00002cc0       __should_initialize_environment 00413cc0 f   MSVCRTD:env_mode.obj
 0002:00002cd0       __initialize_default_precision 00413cd0 f   MSVCRTD:default_precision.obj
 0002:00002d00       __initialize_invalid_parameter_handler 00413d00 f   MSVCRTD:invalid_parameter_handler.obj
 0002:00002d10       __initialize_denormal_control 00413d10 f   MSVCRTD:denormal_control.obj
 0002:00002d20       ___local_stdio_scanf_options 00413d20 f i MSVCRTD:default_local_stdio_options.obj
 0002:00002d30       ___scrt_initialize_default_local_stdio_options 00413d30 f   MSVCRTD:default_local_stdio_options.obj
 0002:00002d80       ___scrt_is_user_matherr_present 00413d80 f   MSVCRTD:matherr_detection.obj
 0002:00002db0       ___scrt_get_dyn_tls_init_callback 00413db0 f   MSVCRTD:dyn_tls_init.obj
 0002:00002dc0       ___scrt_get_dyn_tls_dtor_callback 00413dc0 f   MSVCRTD:dyn_tls_dtor.obj
 0002:00002dd0       ___scrt_fastfail           00413dd0 f   MSVCRTD:utility_desktop.obj
 0002:00002f60       ___scrt_get_show_window_mode 00413f60 f   MSVCRTD:utility_desktop.obj
 0002:00002fb0       ___scrt_initialize_mta     00413fb0 f   MSVCRTD:utility_desktop.obj
 0002:00002fc0       ___scrt_initialize_winrt   00413fc0 f   MSVCRTD:utility_desktop.obj
 0002:00002fd0       ___scrt_is_managed_app     00413fd0 f   MSVCRTD:utility_desktop.obj
 0002:00003080       ___scrt_set_unhandled_exception_filter 00414080 f   MSVCRTD:utility_desktop.obj
 0002:000030a0       ___scrt_stub_for_initialize_mta 004140a0 f   MSVCRTD:utility_desktop.obj
 0002:000030a0       ___scrt_exe_initialize_mta 004140a0 f   MSVCRTD:utility_desktop.obj
 0002:000030b0       ___scrt_unhandled_exception_filter@4 004140b0 f   MSVCRTD:utility_desktop.obj
 0002:00003150       __crt_debugger_hook        00414150 f   MSVCRTD:utility_desktop.obj
 0002:00003170       __RTC_Initialize           00414170 f   MSVCRTD:initsect.obj
 0002:000031b0       __RTC_Terminate            004141b0 f   MSVCRTD:initsect.obj
 0002:000031f0       __except_handler4          004141f0 f   MSVCRTD:chandler4gs.obj
 0002:00003240       @_guard_check_icall_nop@4  00414240 f i MSVCRTD:guard_support.obj
 0002:00003250       _ReadNoFence               00414250 f i MSVCRTD:guard_support.obj
 0002:00003270       _ReadPointerNoFence        00414270 f i MSVCRTD:guard_support.obj
 0002:00003290       ___castguard_check_failure_debugbreak 00414290 f i MSVCRTD:guard_support.obj
 0002:000032b0       ___castguard_check_failure_fastfail 004142b0 f i MSVCRTD:guard_support.obj
 0002:000032e0       ___castguard_check_failure_nop 004142e0 f i MSVCRTD:guard_support.obj
 0002:000032f0       ___castguard_check_failure_os_handled 004142f0 f i MSVCRTD:guard_support.obj
 0002:00003390       ___castguard_slow_path_check_debugbreak 00414390 f i MSVCRTD:guard_support.obj
 0002:000033d0       ___castguard_slow_path_check_fastfail 004143d0 f i MSVCRTD:guard_support.obj
 0002:00003420       ___castguard_slow_path_check_nop 00414420 f i MSVCRTD:guard_support.obj
 0002:00003430       ___castguard_slow_path_check_os_handled 00414430 f i MSVCRTD:guard_support.obj
 0002:000034f0       __guard_icall_checks_enforced 004144f0 f i MSVCRTD:guard_support.obj
 0002:00003ac0       ?_RTC_GetSrcLine@@YAHPAEPA_WKPAH1K@Z 00414ac0 f   MSVCRTD:pdblkup.obj
 0002:00003f20       @__security_check_cookie@4 00414f20 f   MSVCRTD:secchk.obj
 0002:00003f40       __except_handler4_noexcept 00414f40 f   MSVCRTD:chandler4_noexcept.obj
 0002:00003fc0       ___isa_available_init      00414fc0 f   MSVCRTD:cpu_disp.obj
 0002:000043c0       ___scrt_is_ucrt_dll_in_use 004153c0 f   MSVCRTD:ucrt_detection.obj
 0002:000043ed       ___std_type_info_destroy_list 004153ed f   vcruntimed:VCRUNTIME140D.dll
 0002:000043f3       ___current_exception       004153f3 f   vcruntimed:VCRUNTIME140D.dll
 0002:000043f9       ___current_exception_context 004153f9 f   vcruntimed:VCRUNTIME140D.dll
 0002:000043ff       _memset                    004153ff f   vcruntimed:VCRUNTIME140D.dll
 0002:00004405       __except_handler4_common   00415405 f   vcruntimed:VCRUNTIME140D.dll
 0002:0000440b       ___vcrt_GetModuleFileNameW 0041540b f   vcruntimed:VCRUNTIME140D.dll
 0002:00004411       ___vcrt_GetModuleHandleW   00415411 f   vcruntimed:VCRUNTIME140D.dll
 0002:00004417       ___vcrt_LoadLibraryExW     00415417 f   vcruntimed:VCRUNTIME140D.dll
 0002:0000441d       _strcpy                    0041541d f   ucrtd:ucrtbased.dll
 0002:00004423       __CrtDbgReport             00415423 f   ucrtd:ucrtbased.dll
 0002:00004429       __CrtDbgReportW            00415429 f   ucrtd:ucrtbased.dll
 0002:0000442f       __seh_filter_exe           0041542f f   ucrtd:ucrtbased.dll
 0002:00004435       __set_app_type             00415435 f   ucrtd:ucrtbased.dll
 0002:0000443b       ___setusermatherr          0041543b f   ucrtd:ucrtbased.dll
 0002:00004441       __configure_narrow_argv    00415441 f   ucrtd:ucrtbased.dll
 0002:00004447       __initialize_narrow_environment 00415447 f   ucrtd:ucrtbased.dll
 0002:0000444d       __get_narrow_winmain_command_line 0041544d f   ucrtd:ucrtbased.dll
 0002:00004453       __initterm                 00415453 f   ucrtd:ucrtbased.dll
 0002:00004459       __initterm_e               00415459 f   ucrtd:ucrtbased.dll
 0002:0000445f       _exit                      0041545f f   ucrtd:ucrtbased.dll
 0002:00004465       __exit                     00415465 f   ucrtd:ucrtbased.dll
 0002:0000446b       __set_fmode                0041546b f   ucrtd:ucrtbased.dll
 0002:00004471       __cexit                    00415471 f   ucrtd:ucrtbased.dll
 0002:00004477       __c_exit                   00415477 f   ucrtd:ucrtbased.dll
 0002:0000447d       __register_thread_local_exe_atexit_callback 0041547d f   ucrtd:ucrtbased.dll
 0002:00004483       __configthreadlocale       00415483 f   ucrtd:ucrtbased.dll
 0002:00004489       __set_new_mode             00415489 f   ucrtd:ucrtbased.dll
 0002:0000448f       ___p__commode              0041548f f   ucrtd:ucrtbased.dll
 0002:00004495       _strcpy_s                  00415495 f   ucrtd:ucrtbased.dll
 0002:0000449b       _strcat_s                  0041549b f   ucrtd:ucrtbased.dll
 0002:000044a1       ___stdio_common_vsprintf_s 004154a1 f   ucrtd:ucrtbased.dll
 0002:000044a7       __seh_filter_dll           004154a7 f   ucrtd:ucrtbased.dll
 0002:000044ad       __initialize_onexit_table  004154ad f   ucrtd:ucrtbased.dll
 0002:000044b3       __register_onexit_function 004154b3 f   ucrtd:ucrtbased.dll
 0002:000044b9       __execute_onexit_table     004154b9 f   ucrtd:ucrtbased.dll
 0002:000044bf       __crt_atexit               004154bf f   ucrtd:ucrtbased.dll
 0002:000044c5       __crt_at_quick_exit        004154c5 f   ucrtd:ucrtbased.dll
 0002:000044cb       __controlfp_s              004154cb f   ucrtd:ucrtbased.dll
 0002:000044d1       _terminate                 004154d1 f   ucrtd:ucrtbased.dll
 0002:000044d7       __wmakepath_s              004154d7 f   ucrtd:ucrtbased.dll
 0002:000044dd       __wsplitpath_s             004154dd f   ucrtd:ucrtbased.dll
 0002:000044e3       _wcscpy_s                  004154e3 f   ucrtd:ucrtbased.dll
 0002:000044e9       _UnhandledExceptionFilter@4 004154e9 f   kernel32:KERNEL32.dll
 0002:000044ef       _SetUnhandledExceptionFilter@4 004154ef f   kernel32:KERNEL32.dll
 0002:000044f5       _GetCurrentProcess@0       004154f5 f   kernel32:KERNEL32.dll
 0002:000044fb       _TerminateProcess@8        004154fb f   kernel32:KERNEL32.dll
 0002:00004501       _IsProcessorFeaturePresent@4 00415501 f   kernel32:KERNEL32.dll
 0002:00004507       _IsDebuggerPresent@0       00415507 f   kernel32:KERNEL32.dll
 0002:0000450d       _RaiseException@16         0041550d f   kernel32:KERNEL32.dll
 0002:00004513       _MultiByteToWideChar@24    00415513 f   kernel32:KERNEL32.dll
 0002:00004519       _WideCharToMultiByte@32    00415519 f   kernel32:KERNEL32.dll
 0002:0000451f       _QueryPerformanceCounter@4 0041551f f   kernel32:KERNEL32.dll
 0002:00004525       _GetCurrentProcessId@0     00415525 f   kernel32:KERNEL32.dll
 0002:0000452b       _GetCurrentThreadId@0      0041552b f   kernel32:KERNEL32.dll
 0002:00004531       _GetSystemTimeAsFileTime@4 00415531 f   kernel32:KERNEL32.dll
 0002:00004537       _InitializeSListHead@4     00415537 f   kernel32:KERNEL32.dll
 0002:0000453d       _GetStartupInfoW@4         0041553d f   kernel32:KERNEL32.dll
 0002:00004543       _GetModuleHandleW@4        00415543 f   kernel32:KERNEL32.dll
 0002:00004549       _GetLastError@0            00415549 f   kernel32:KERNEL32.dll
 0002:0000454f       _HeapAlloc@12              0041554f f   kernel32:KERNEL32.dll
 0002:00004555       _HeapFree@12               00415555 f   kernel32:KERNEL32.dll
 0002:0000455b       _GetProcessHeap@0          0041555b f   kernel32:KERNEL32.dll
 0002:00004561       _VirtualQuery@12           00415561 f   kernel32:KERNEL32.dll
 0002:00004567       _FreeLibrary@4             00415567 f   kernel32:KERNEL32.dll
 0002:0000456d       _GetProcAddress@8          0041556d f   kernel32:KERNEL32.dll
 0002:00004580       ___vcrt_initialize         00415580 f   MSVCRTD:ucrt_stubs.obj
 0002:00004580       ___acrt_initialize         00415580 f   MSVCRTD:ucrt_stubs.obj
 0002:00004580       ___scrt_stub_for_acrt_initialize 00415580 f   MSVCRTD:ucrt_stubs.obj
 0002:00004590       ___scrt_stub_for_acrt_thread_attach 00415590 f   MSVCRTD:ucrt_stubs.obj
 0002:00004590       ___vcrt_thread_attach      00415590 f   MSVCRTD:ucrt_stubs.obj
 0002:00004590       ___acrt_thread_attach      00415590 f   MSVCRTD:ucrt_stubs.obj
 0002:000045a0       ___scrt_stub_for_acrt_thread_detach 004155a0 f   MSVCRTD:ucrt_stubs.obj
 0002:000045a0       ___vcrt_thread_detach      004155a0 f   MSVCRTD:ucrt_stubs.obj
 0002:000045a0       ___acrt_thread_detach      004155a0 f   MSVCRTD:ucrt_stubs.obj
 0002:000045b0       ___vcrt_uninitialize       004155b0 f   MSVCRTD:ucrt_stubs.obj
 0002:000045b0       ___acrt_uninitialize       004155b0 f   MSVCRTD:ucrt_stubs.obj
 0002:000045b0       ___scrt_stub_for_acrt_uninitialize 004155b0 f   MSVCRTD:ucrt_stubs.obj
 0002:000045c0       ___scrt_stub_for_acrt_uninitialize_critical 004155c0 f   MSVCRTD:ucrt_stubs.obj
 0002:000045c0       ___vcrt_uninitialize_critical 004155c0 f   MSVCRTD:ucrt_stubs.obj
 0002:000045c0       ___acrt_uninitialize_critical 004155c0 f   MSVCRTD:ucrt_stubs.obj
 0002:000045d0       ___scrt_stub_for_is_c_termination_complete 004155d0 f   MSVCRTD:ucrt_stubs.obj
 0002:000045d0       __is_c_termination_complete 004155d0 f   MSVCRTD:ucrt_stubs.obj
 0002:000045e0       __filter_x86_sse2_floating_point_exception_default 004155e0 f   MSVCRTD:x86_exception_filter.obj
 0002:000045e0       __filter_x86_sse2_floating_point_exception 004155e0 f   MSVCRTD:x86_exception_filter.obj
 0003:00000000       ___xc_a                    00417000     MSVCRTD:initializers.obj
 0003:00000208       ___xc_z                    00417208     MSVCRTD:initializers.obj
 0003:0000030c       ___xi_a                    0041730c     MSVCRTD:initializers.obj
 0003:00000618       ___xi_z                    00417618     MSVCRTD:initializers.obj
 0003:0000071c       ___xp_a                    0041771c     MSVCRTD:initializers.obj
 0003:00000820       ___xp_z                    00417820     MSVCRTD:initializers.obj
 0003:00000924       ___xt_a                    00417924     MSVCRTD:initializers.obj
 0003:00000a28       ___xt_z                    00417a28     MSVCRTD:initializers.obj
 0003:00000b30       ??_C@_00CNPNBAHC@@         00417b30     framework.obj
 0003:00000b34       ??_C@_07KGMMFLDN@Warning@  00417b34     framework.obj
 0003:00000b40       ??_C@_0BA@KGPGJABH@Nothing?5entered@ 00417b40     framework.obj
 0003:00000c20       ??_C@_0NN@JMPELKLB@The?5value?5of?5ESP?5was?5not?5proper@ 00417c20     MSVCRTD:error.obj
 0003:00000d30       ??_C@_0BBN@ELNNILBE@A?5cast?5to?5a?5smaller?5data?5type?5h@ 00417d30     MSVCRTD:error.obj
 0003:00000e88       ??_C@_0BN@BPOGFMJL@Stack?5memory?5was?5corrupted?$AN?6@ 00417e88     MSVCRTD:error.obj
 0003:00000eac       ??_C@_0DG@DAJCDLPN@A?5local?5variable?5was?5used?5befor@ 00417eac     MSVCRTD:error.obj
 0003:00000eec       ??_C@_0CM@JMIDGKLA@Stack?5memory?5around?5_alloca?5was@ 00417eec     MSVCRTD:error.obj
 0003:00000f20       ??_C@_0BO@CHIONIOI@Unknown?5Runtime?5Check?5Error?$AN?6@ 00417f20     MSVCRTD:error.obj
 0003:00000f48       ??_C@_1GM@CNOOJIHC@?$AAR?$AAu?$AAn?$AAt?$AAi?$AAm?$AAe?$AA?5?$AAC?$AAh?$AAe?$AAc?$AAk?$AA?5?$AAE@ 00417f48     MSVCRTD:error.obj
 0003:00000fd0       ??_C@_1EA@NFKNIFJP@?$AAR?$AAu?$AAn?$AA?9?$AAT?$AAi?$AAm?$AAe?$AA?5?$AAC?$AAh?$AAe?$AAc?$AAk?$AA?5@ 00417fd0     MSVCRTD:error.obj
 0003:0000101c       ??_C@_0BB@PFFGGCJP@Unknown?5Filename@ 0041801c     MSVCRTD:error.obj
 0003:00001030       ??_C@_0BE@GNBOBNCK@Unknown?5Module?5Name@ 00418030     MSVCRTD:error.obj
 0003:00001048       ??_C@_0CA@IODNCDPG@Run?9Time?5Check?5Failure?5?$CD?$CFd?5?9?5?$CFs@ 00418048     MSVCRTD:error.obj
 0003:00001070       ??_C@_0CG@IAFNJNEE@Stack?5corrupted?5near?5unknown?5va@ 00418070     MSVCRTD:error.obj
 0003:000010a0       ??_C@_05MKKEDADM@?$CF?42X?5@ 004180a0     MSVCRTD:error.obj
 0003:000010a8       ??_C@_0EJ@LJKNEOLN@Stack?5area?5around?5_alloca?5memor@ 004180a8     MSVCRTD:error.obj
 0003:00001100       ??_C@_01EEMJAFIK@?6@       00418100     MSVCRTD:error.obj
 0003:00001104       ??_C@_02LLMPMKNF@?$DO?5@   00418104     MSVCRTD:error.obj
 0003:00001108       ??_C@_08OMAHNMHJ@?6Data?3?5?$DM@ 00418108     MSVCRTD:error.obj
 0003:00001114       ??_C@_0CK@DKGBICFE@?6Allocation?5number?5within?5this?5@ 00418114     MSVCRTD:error.obj
 0003:00001148       ??_C@_07DFDJCKFN@?6Size?3?5@ 00418148     MSVCRTD:error.obj
 0003:00001154       ??_C@_0N@MHFFIMFG@?6Address?3?50x@ 00418154     MSVCRTD:error.obj
 0003:00001168       ??_C@_0EI@CLEPFNGI@Stack?5area?5around?5_alloca?5memor@ 00418168     MSVCRTD:error.obj
 0003:000011c0       ??_C@_0BK@ODNDAGKB@?$CFs?$CFs?$CFp?$CFs?$CFzd?$CFs?$CFd?$CFs?$CFs?$CFs?$CFs?$CFs@ 004181c0     MSVCRTD:error.obj
 0003:000011e0       ??_C@_0DE@OHJBPMBP@A?5variable?5is?5being?5used?5withou@ 004181e0     MSVCRTD:error.obj
 0003:00001238       ??_C@_0BJ@HEGAHDFO@Stack?5pointer?5corruption@ 00418238     MSVCRTD:userapi.obj
 0003:00001258       ??_C@_0CK@FEGOIOPB@Cast?5to?5smaller?5type?5causing?5lo@ 00418258     MSVCRTD:userapi.obj
 0003:0000128c       ??_C@_0BI@CIGMDCBH@Stack?5memory?5corruption@ 0041828c     MSVCRTD:userapi.obj
 0003:000012a8       ??_C@_0CK@CNLNOEPB@Local?5variable?5used?5before?5init@ 004182a8     MSVCRTD:userapi.obj
 0003:000012dc       ??_C@_0BP@OGBCLIBO@Stack?5around?5_alloca?5corrupted@ 004182dc     MSVCRTD:userapi.obj
 0003:00001360       ??_C@_1EI@MLPKHBGE@?$AAa?$AAp?$AAi?$AA?9?$AAm?$AAs?$AA?9?$AAw?$AAi?$AAn?$AA?9?$AAc?$AAo?$AAr?$AAe@ 00418360     MSVCRTD:pdblkup.obj
 0003:000013b8       ??_C@_1BK@JHLNAEJL@?$AAa?$AAd?$AAv?$AAa?$AAp?$AAi?$AA3?$AA2?$AA?4?$AAd?$AAl?$AAl@ 004183b8     MSVCRTD:pdblkup.obj
 0003:000013d8       ??_C@_0O@COHOBMLB@RegOpenKeyExW@ 004183d8     MSVCRTD:pdblkup.obj
 0003:000013e8       ??_C@_0BB@GLNAEDBD@RegQueryValueExW@ 004183e8     MSVCRTD:pdblkup.obj
 0003:000013fc       ??_C@_0M@HLOHPNFA@RegCloseKey@ 004183fc     MSVCRTD:pdblkup.obj
 0003:00001410       ??_C@_1HE@EBEAGLFB@?$AAS?$AAO?$AAF?$AAT?$AAW?$AAA?$AAR?$AAE?$AA?2?$AAW?$AAo?$AAw?$AA6?$AA4?$AA3@ 00418410     MSVCRTD:pdblkup.obj
 0003:0000149c       ??_C@_1BG@EABPBLLF@?$AAP?$AAr?$AAo?$AAd?$AAu?$AAc?$AAt?$AAD?$AAi?$AAr@ 0041849c     MSVCRTD:pdblkup.obj
 0003:000014dc       ??_C@_1BC@JINFINNJ@?$AAM?$AAS?$AAP?$AAD?$AAB?$AA1?$AA4?$AA0@ 004184dc     MSVCRTD:pdblkup.obj
 0003:000014f4       ??_C@_0BB@KCIACLNC@PDBOpenValidate5@ 004184f4     MSVCRTD:pdblkup.obj
 0003:00001508       ??_C@_01KDCPPGHE@r@        00418508     MSVCRTD:pdblkup.obj
 0003:00001548       __load_config_used         00418548     MSVCRTD:loadcfg.obj
 0003:00001780       ___CastGuardVftablesStart  00418780     MSVCRTD:guard_support.obj
 0003:00001884       ___CastGuardVftablesEnd    00418884     MSVCRTD:guard_support.obj
 0003:00001af8       ___rtc_iaa                 00418af8     MSVCRTD:initsect.obj
 0003:00001d00       ___rtc_izz                 00418d00     MSVCRTD:initsect.obj
 0003:00001e04       ___rtc_taa                 00418e04     MSVCRTD:initsect.obj
 0003:0000200c       ___rtc_tzz                 0041900c     MSVCRTD:initsect.obj
 0004:000000c0       ___security_cookie_complement 0041a0c0     MSVCRTD:gs_cookie.obj
 0004:000000c4       ___security_cookie         0041a0c4     MSVCRTD:gs_cookie.obj
 0004:000000cc       ?_RTC_ErrorLevels@@3PAHA   0041a0cc     MSVCRTD:error.obj
 0004:000000e4       ___scrt_native_dllmain_reason 0041a0e4     MSVCRTD:utility.obj
 0004:000000e8       ___scrt_default_matherr    0041a0e8     MSVCRTD:matherr.obj
 0004:000000ec       ___isa_enabled             0041a0ec     MSVCRTD:cpu_disp.obj
 0004:000000f0       ___scrt_ucrt_dll_is_in_use 0041a0f0     MSVCRTD:ucrt_stubs.obj
 0004:00000828       ?_OptionsStorage@?1??__local_stdio_printf_options@@9@4_KA 0041a828     MSVCRTD:error.obj
 0004:00000840       ___scrt_current_native_startup_state 0041a840     MSVCRTD:utility.obj
 0004:00000844       ___scrt_native_startup_lock 0041a844     MSVCRTD:utility.obj
 0004:00000870       ?__type_info_root_node@@3U__type_info_node@@A 0041a870     MSVCRTD:tncleanup.obj
 0004:00000880       ?_OptionsStorage@?1??__local_stdio_scanf_options@@9@4_KA 0041a880     MSVCRTD:default_local_stdio_options.obj
 0004:0000088c       ___scrt_debugger_hook_flag 0041a88c     MSVCRTD:utility_desktop.obj
 0004:00000890       ___castguard_check_failure_os_handled_fptr 0041a890     MSVCRTD:guard_support.obj
 0004:0000089c       ___isa_available           0041a89c     MSVCRTD:cpu_disp.obj
 0004:000008a0       ___favor                   0041a8a0     MSVCRTD:cpu_disp.obj
 0004:000008a8       __hInstance                0041a8a8     <common>
 0004:000008b4       ___dyn_tls_dtor_callback   0041a8b4     <common>
 0004:000008c0       ___dyn_tls_init_callback   0041a8c0     <common>
 0005:00000000       __imp__GetStartupInfoW@4   0041b000     kernel32:KERNEL32.dll
 0005:00000004       __imp__SetUnhandledExceptionFilter@4 0041b004     kernel32:KERNEL32.dll
 0005:00000008       __imp__GetCurrentProcess@0 0041b008     kernel32:KERNEL32.dll
 0005:0000000c       __imp__TerminateProcess@8  0041b00c     kernel32:KERNEL32.dll
 0005:00000010       __imp__IsProcessorFeaturePresent@4 0041b010     kernel32:KERNEL32.dll
 0005:00000014       __imp__IsDebuggerPresent@0 0041b014     kernel32:KERNEL32.dll
 0005:00000018       __imp__RaiseException@16   0041b018     kernel32:KERNEL32.dll
 0005:0000001c       __imp__GetProcAddress@8    0041b01c     kernel32:KERNEL32.dll
 0005:00000020       __imp__FreeLibrary@4       0041b020     kernel32:KERNEL32.dll
 0005:00000024       __imp__VirtualQuery@12     0041b024     kernel32:KERNEL32.dll
 0005:00000028       __imp__GetProcessHeap@0    0041b028     kernel32:KERNEL32.dll
 0005:0000002c       __imp__HeapFree@12         0041b02c     kernel32:KERNEL32.dll
 0005:00000030       __imp__HeapAlloc@12        0041b030     kernel32:KERNEL32.dll
 0005:00000034       __imp__GetLastError@0      0041b034     kernel32:KERNEL32.dll
 0005:00000038       __imp__GetModuleHandleW@4  0041b038     kernel32:KERNEL32.dll
 0005:0000003c       __imp__UnhandledExceptionFilter@4 0041b03c     kernel32:KERNEL32.dll
 0005:00000040       __imp__InitializeSListHead@4 0041b040     kernel32:KERNEL32.dll
 0005:00000044       __imp__GetSystemTimeAsFileTime@4 0041b044     kernel32:KERNEL32.dll
 0005:00000048       __imp__GetCurrentThreadId@0 0041b048     kernel32:KERNEL32.dll
 0005:0000004c       __imp__GetCurrentProcessId@0 0041b04c     kernel32:KERNEL32.dll
 0005:00000050       __imp__QueryPerformanceCounter@4 0041b050     kernel32:KERNEL32.dll
 0005:00000054       __imp__WideCharToMultiByte@32 0041b054     kernel32:KERNEL32.dll
 0005:00000058       __imp__MultiByteToWideChar@24 0041b058     kernel32:KERNEL32.dll
 0005:0000005c       \177KERNEL32_NULL_THUNK_DATA 0041b05c     kernel32:KERNEL32.dll
 0005:00000098       __imp__GetDlgItemTextA@16  0041b098     user32:USER32.dll
 0005:0000009c       __imp__SetDlgItemTextA@12  0041b09c     user32:USER32.dll
 0005:000000a0       __imp__GetDlgItem@8        0041b0a0     user32:USER32.dll
 0005:000000a4       __imp__EndDialog@8         0041b0a4     user32:USER32.dll
 0005:000000a8       __imp__GetWindowTextLengthA@4 0041b0a8     user32:USER32.dll
 0005:000000ac       __imp__MessageBoxA@16      0041b0ac     user32:USER32.dll
 0005:000000b0       __imp__DialogBoxParamA@20  0041b0b0     user32:USER32.dll
 0005:000000b4       \177USER32_NULL_THUNK_DATA 0041b0b4     user32:USER32.dll
 0005:000000e4       __imp____current_exception_context 0041b0e4     vcruntimed:VCRUNTIME140D.dll
 0005:000000e8       __imp__memset              0041b0e8     vcruntimed:VCRUNTIME140D.dll
 0005:000000ec       __imp___except_handler4_common 0041b0ec     vcruntimed:VCRUNTIME140D.dll
 0005:000000f0       __imp____vcrt_GetModuleFileNameW 0041b0f0     vcruntimed:VCRUNTIME140D.dll
 0005:000000f4       __imp____vcrt_GetModuleHandleW 0041b0f4     vcruntimed:VCRUNTIME140D.dll
 0005:000000f8       __imp____vcrt_LoadLibraryExW 0041b0f8     vcruntimed:VCRUNTIME140D.dll
 0005:000000fc       __imp____current_exception 0041b0fc     vcruntimed:VCRUNTIME140D.dll
 0005:00000100       __imp____std_type_info_destroy_list 0041b100     vcruntimed:VCRUNTIME140D.dll
 0005:00000104       \177VCRUNTIME140D_NULL_THUNK_DATA 0041b104     vcruntimed:VCRUNTIME140D.dll
 0005:00000134       __imp___initialize_onexit_table 0041b134     ucrtd:ucrtbased.dll
 0005:00000138       __imp___register_onexit_function 0041b138     ucrtd:ucrtbased.dll
 0005:0000013c       __imp___execute_onexit_table 0041b13c     ucrtd:ucrtbased.dll
 0005:00000140       __imp___crt_atexit         0041b140     ucrtd:ucrtbased.dll
 0005:00000144       __imp___crt_at_quick_exit  0041b144     ucrtd:ucrtbased.dll
 0005:00000148       __imp___controlfp_s        0041b148     ucrtd:ucrtbased.dll
 0005:0000014c       __imp__terminate           0041b14c     ucrtd:ucrtbased.dll
 0005:00000150       __imp___wmakepath_s        0041b150     ucrtd:ucrtbased.dll
 0005:00000154       __imp___wsplitpath_s       0041b154     ucrtd:ucrtbased.dll
 0005:00000158       __imp__wcscpy_s            0041b158     ucrtd:ucrtbased.dll
 0005:0000015c       __imp____stdio_common_vsprintf_s 0041b15c     ucrtd:ucrtbased.dll
 0005:00000160       __imp___set_fmode          0041b160     ucrtd:ucrtbased.dll
 0005:00000164       __imp__exit                0041b164     ucrtd:ucrtbased.dll
 0005:00000168       __imp___initterm_e         0041b168     ucrtd:ucrtbased.dll
 0005:0000016c       __imp___initterm           0041b16c     ucrtd:ucrtbased.dll
 0005:00000170       __imp___get_narrow_winmain_command_line 0041b170     ucrtd:ucrtbased.dll
 0005:00000174       __imp___initialize_narrow_environment 0041b174     ucrtd:ucrtbased.dll
 0005:00000178       __imp___configure_narrow_argv 0041b178     ucrtd:ucrtbased.dll
 0005:0000017c       __imp____setusermatherr    0041b17c     ucrtd:ucrtbased.dll
 0005:00000180       __imp___set_app_type       0041b180     ucrtd:ucrtbased.dll
 0005:00000184       __imp___seh_filter_exe     0041b184     ucrtd:ucrtbased.dll
 0005:00000188       __imp___CrtDbgReportW      0041b188     ucrtd:ucrtbased.dll
 0005:0000018c       __imp___CrtDbgReport       0041b18c     ucrtd:ucrtbased.dll
 0005:00000190       __imp__strcpy              0041b190     ucrtd:ucrtbased.dll
 0005:00000194       __imp___seh_filter_dll     0041b194     ucrtd:ucrtbased.dll
 0005:00000198       __imp__strcpy_s            0041b198     ucrtd:ucrtbased.dll
 0005:0000019c       __imp____p__commode        0041b19c     ucrtd:ucrtbased.dll
 0005:000001a0       __imp___set_new_mode       0041b1a0     ucrtd:ucrtbased.dll
 0005:000001a4       __imp___configthreadlocale 0041b1a4     ucrtd:ucrtbased.dll
 0005:000001a8       __imp___register_thread_local_exe_atexit_callback 0041b1a8     ucrtd:ucrtbased.dll
 0005:000001ac       __imp___c_exit             0041b1ac     ucrtd:ucrtbased.dll
 0005:000001b0       __imp___exit               0041b1b0     ucrtd:ucrtbased.dll
 0005:000001b4       __imp___cexit              0041b1b4     ucrtd:ucrtbased.dll
 0005:000001b8       __imp__strcat_s            0041b1b8     ucrtd:ucrtbased.dll
 0005:000001bc       \177ucrtbased_NULL_THUNK_DATA 0041b1bc     ucrtd:ucrtbased.dll
 0005:00000200       __IMPORT_DESCRIPTOR_USER32 0041b200     user32:USER32.dll
 0005:00000214       __IMPORT_DESCRIPTOR_VCRUNTIME140D 0041b214     vcruntimed:VCRUNTIME140D.dll
 0005:00000228       __IMPORT_DESCRIPTOR_ucrtbased 0041b228     ucrtd:ucrtbased.dll
 0005:0000023c       __IMPORT_DESCRIPTOR_KERNEL32 0041b23c     kernel32:KERNEL32.dll
 0005:00000250       __NULL_IMPORT_DESCRIPTOR   0041b250     user32:USER32.dll
 0006:00000000       ___guard_check_icall_fptr  0041c000     MSVCRTD:guard_support.obj
 0006:00000004       ___guard_xfg_check_icall_fptr 0041c004     MSVCRTD:guard_support.obj

 entry point at        0002:0000000a

 Static symbols

 0000:fffe4000       __guard_fids___except_handler4 00400000     MSVCRTD:chandler4gs.obj
 0000:fffe4000       __guard_fids_?pre_c_initialization@@YAHXZ 00400000     MSVCRTD:exe_winmain.obj
 0000:fffe4000       __guard_fids__             00400000     MSVCRTD:exe_winmain.obj
 0000:fffe4000       __guard_fids__             00400000     MSVCRTD:guard_support.obj
 0000:fffe4000       __guard_fids__             00400000     MSVCRTD:guard_support.obj
 0000:fffe4000       __guard_fids___guard_icall_checks_enforced 00400000     MSVCRTD:guard_support.obj
 0000:fffe4000       __guard_fids___CRT_RTC_INIT 00400000     MSVCRTD:init.obj
 0000:fffe4000       __guard_fids___CRT_RTC_INITW 00400000     MSVCRTD:init.obj
 0000:fffe4000       __guard_fids____scrt_set_unhandled_exception_filter 00400000     MSVCRTD:utility_desktop.obj
 0000:fffe2000       .debug$S                   00400000     vcruntimed:VCRUNTIME140D.dll
 0000:fffe2000       .debug$S                   00400000     vcruntimed:VCRUNTIME140D.dll
 0000:fffe2000       .debug$S                   00400000     vcruntimed:VCRUNTIME140D.dll
 0000:fffe2000       .debug$S                   00400000     vcruntimed:VCRUNTIME140D.dll
 0000:fffe2000       .debug$S                   00400000     vcruntimed:VCRUNTIME140D.dll
 0000:fffe2000       .debug$S                   00400000     vcruntimed:VCRUNTIME140D.dll
 0000:fffe2000       .debug$S                   00400000     vcruntimed:VCRUNTIME140D.dll
 0000:fffe2000       .debug$S                   00400000     vcruntimed:VCRUNTIME140D.dll
 0000:fffe2000       .debug$S                   00400000     ucrtd:ucrtbased.dll
 0000:fffe2000       .debug$S                   00400000     ucrtd:ucrtbased.dll
 0000:fffe2000       .debug$S                   00400000     ucrtd:ucrtbased.dll
 0000:fffe2000       .debug$S                   00400000     ucrtd:ucrtbased.dll
 0000:fffe2000       .debug$S                   00400000     ucrtd:ucrtbased.dll
 0000:fffe2000       .debug$S                   00400000     ucrtd:ucrtbased.dll
 0000:fffe2000       .debug$S                   00400000     ucrtd:ucrtbased.dll
 0000:fffe2000       .debug$S                   00400000     ucrtd:ucrtbased.dll
 0000:fffe2000       .debug$S                   00400000     ucrtd:ucrtbased.dll
 0000:fffe2000       .debug$S                   00400000     ucrtd:ucrtbased.dll
 0000:fffe2000       .debug$S                   00400000     ucrtd:ucrtbased.dll
 0000:fffe2000       .debug$S                   00400000     ucrtd:ucrtbased.dll
 0000:fffe2000       .debug$S                   00400000     ucrtd:ucrtbased.dll
 0000:fffe2000       .debug$S                   00400000     ucrtd:ucrtbased.dll
 0000:fffe2000       .debug$S                   00400000     ucrtd:ucrtbased.dll
 0000:fffe2000       .debug$S                   00400000     ucrtd:ucrtbased.dll
 0000:fffe2000       .debug$S                   00400000     ucrtd:ucrtbased.dll
 0000:fffe2000       .debug$S                   00400000     ucrtd:ucrtbased.dll
 0000:fffe2000       .debug$S                   00400000     ucrtd:ucrtbased.dll
 0000:fffe2000       .debug$S                   00400000     ucrtd:ucrtbased.dll
 0000:fffe2000       .debug$S                   00400000     ucrtd:ucrtbased.dll
 0000:fffe2000       .debug$S                   00400000     ucrtd:ucrtbased.dll
 0000:fffe2000       .debug$S                   00400000     ucrtd:ucrtbased.dll
 0000:fffe2000       .debug$S                   00400000     ucrtd:ucrtbased.dll
 0000:fffe2000       .debug$S                   00400000     ucrtd:ucrtbased.dll
 0000:fffe2000       .debug$S                   00400000     ucrtd:ucrtbased.dll
 0000:fffe2000       .debug$S                   00400000     ucrtd:ucrtbased.dll
 0000:fffe2000       .debug$S                   00400000     ucrtd:ucrtbased.dll
 0000:fffe2000       .debug$S                   00400000     ucrtd:ucrtbased.dll
 0000:fffe2000       .debug$S                   00400000     ucrtd:ucrtbased.dll
 0000:fffe2000       .debug$S                   00400000     ucrtd:ucrtbased.dll
 0000:fffe2000       .debug$S                   00400000     ucrtd:ucrtbased.dll
 0000:fffe2000       .debug$S                   00400000     ucrtd:ucrtbased.dll
 0000:fffe2000       .debug$S                   00400000     ucrtd:ucrtbased.dll
 0000:fffe2000       .debug$S                   00400000     kernel32:KERNEL32.dll
 0000:fffe2000       .debug$S                   00400000     kernel32:KERNEL32.dll
 0000:fffe2000       .debug$S                   00400000     kernel32:KERNEL32.dll
 0000:fffe2000       .debug$S                   00400000     kernel32:KERNEL32.dll
 0000:fffe2000       .debug$S                   00400000     kernel32:KERNEL32.dll
 0000:fffe2000       .debug$S                   00400000     kernel32:KERNEL32.dll
 0000:fffe2000       .debug$S                   00400000     kernel32:KERNEL32.dll
 0000:fffe2000       .debug$S                   00400000     kernel32:KERNEL32.dll
 0000:fffe2000       .debug$S                   00400000     kernel32:KERNEL32.dll
 0000:fffe2000       .debug$S                   00400000     kernel32:KERNEL32.dll
 0000:fffe2000       .debug$S                   00400000     kernel32:KERNEL32.dll
 0000:fffe2000       .debug$S                   00400000     kernel32:KERNEL32.dll
 0000:fffe2000       .debug$S                   00400000     kernel32:KERNEL32.dll
 0000:fffe2000       .debug$S                   00400000     kernel32:KERNEL32.dll
 0000:fffe2000       .debug$S                   00400000     kernel32:KERNEL32.dll
 0000:fffe2000       .debug$S                   00400000     kernel32:KERNEL32.dll
 0000:fffe2000       .debug$S                   00400000     kernel32:KERNEL32.dll
 0000:fffe2000       .debug$S                   00400000     kernel32:KERNEL32.dll
 0000:fffe2000       .debug$S                   00400000     kernel32:KERNEL32.dll
 0000:fffe2000       .debug$S                   00400000     kernel32:KERNEL32.dll
 0000:fffe2000       .debug$S                   00400000     kernel32:KERNEL32.dll
 0000:fffe2000       .debug$S                   00400000     kernel32:KERNEL32.dll
 0000:fffe2000       .debug$S                   00400000     kernel32:KERNEL32.dll
 0000:fffe2000       .debug$S                   00400000     user32:USER32.dll
 0000:fffe2000       .debug$S                   00400000     user32:USER32.dll
 0000:fffe2000       .debug$S                   00400000     user32:USER32.dll
 0000:fffe2000       .debug$S                   00400000     user32:USER32.dll
 0000:fffe2000       .debug$S                   00400000     user32:USER32.dll
 0000:fffe2000       .debug$S                   00400000     user32:USER32.dll
 0000:fffe2000       .debug$S                   00400000     user32:USER32.dll
 0000:fffe4004       __guard_fids__             00400004     MSVCRTD:exe_winmain.obj
 0000:fffe4008       __guard_fids__             00400008     MSVCRTD:exe_winmain.obj
 0002:00000b20       $$000000                   00411b20     example.obj
 0002:00000c80       $$000000                   00411c80     io.obj
 0002:00001550       ?pre_c_initialization@@YAHXZ 00412550 f   MSVCRTD:exe_winmain.obj
 0002:00001630       ?post_pgo_initialization@@YAHXZ 00412630 f   MSVCRTD:exe_winmain.obj
 0002:00001640       ?pre_cpp_initialization@@YAXXZ 00412640 f   MSVCRTD:exe_winmain.obj
 0002:00001660       ?__scrt_common_main@@YAHXZ 00412660 f   MSVCRTD:exe_winmain.obj
 0002:00001680       ?__scrt_common_main_seh@@YAHXZ 00412680 f   MSVCRTD:exe_winmain.obj
 0002:00001950       ?invoke_main@@YAHXZ        00412950 f   MSVCRTD:exe_winmain.obj
 0002:00001a00       ?DebuggerProbe@@YA_NK@Z    00412a00 f   MSVCRTD:error.obj
 0002:00001a50       ?DebuggerRuntime@@YA_NKHPAXPB_W@Z 00412a50 f   MSVCRTD:error.obj
 0002:00001d20       ?_getMemBlockDataString@@YAXPAD0PBDI@Z 00412d20 f   MSVCRTD:error.obj
 0002:00001db0       ?_strlen_priv@@YAIPBD@Z    00412db0 f   MSVCRTD:error.obj
 0002:00001dd0       ?failwithmessage@@YAXPAXHHPBD@Z 00412dd0 f   MSVCRTD:error.obj
 0002:00002050       ?notify_debugger@@YAXABUtagEXCEPTION_VISUALCPP_DEBUG_INFO@@@Z 00413050 f   MSVCRTD:error.obj
 0002:00002330       ?find_pe_section@@YAPAU_IMAGE_SECTION_HEADER@@QAEI@Z 00413330 f   MSVCRTD:utility.obj
 0002:000023e0       ?is_potentially_valid_image_base@@YA_NQAX@Z 004133e0 f   MSVCRTD:utility.obj
 0002:00002af0       ___get_entropy             00413af0 f   MSVCRTD:gs_support.obj
 0002:00003340       ___castguard_compat_check  00414340 f   MSVCRTD:guard_support.obj
 0002:000034a0       ___castguard_slow_path_compat_check 004144a0 f   MSVCRTD:guard_support.obj
 0002:00003530       ?GetPdbDll@@YAPAUHINSTANCE__@@XZ 00414530 f   MSVCRTD:pdblkup.obj
 0002:000036c0       ?GetPdbDllFromInstallPath@@YAPAUHINSTANCE__@@XZ 004146c0 f   MSVCRTD:pdblkup.obj
 0002:000039b0       ?GetPdbDllPathFromFilePath@@YAHPB_WPA_WI@Z 004149b0 f   MSVCRTD:pdblkup.obj
 0003:00000104       ?pre_cpp_initializer@@3P6AXXZA 00417104     MSVCRTD:exe_winmain.obj
 0003:00000410       ?pre_c_initializer@@3P6AHXZA 00417410     MSVCRTD:exe_winmain.obj
 0003:00000514       ?post_pgo_initializer@@3P6AHXZA 00417514     MSVCRTD:exe_winmain.obj
 0003:00000b54       _GS_ExceptionPointers      00417b54     MSVCRTD:gs_report.obj
 0003:00000b60       ?_RTC_ErrorMessages@@3QBQBDB 00417b60     MSVCRTD:error.obj
 0003:00000b78       ?_RTC_NoFalsePositives@@3QBHB 00417b78     MSVCRTD:error.obj
 0003:00000b90       ?stack_premsg@@3QBDB       00417b90     MSVCRTD:error.obj
 0003:00000bac       ?stack_postmsg@@3QBDB      00417bac     MSVCRTD:error.obj
 0003:00000bc0       ?uninit_premsg@@3QBDB      00417bc0     MSVCRTD:error.obj
 0003:00000bd0       ?uninit_postmsg@@3QBDB     00417bd0     MSVCRTD:error.obj
 0003:00001220       ?_RTC_errlist@@3QBQBDB     00418220     MSVCRTD:userapi.obj
 0003:00001304       ?mspdbName@@3QB_WB         00418304     MSVCRTD:pdblkup.obj
 0003:00001328       ?debugCrtFileName@@3QB_WB  00418328     MSVCRTD:pdblkup.obj
 0003:000014b8       ?dllExt@?1??GetPdbDllPathFromFilePath@@YAHPB_WPA_WI@Z@4QB_WB 004184b8     MSVCRTD:pdblkup.obj
 0003:000014c4       ?mspdbFilename@?1??GetPdbDllPathFromFilePath@@YAHPB_WPA_WI@Z@4QB_WB 004184c4     MSVCRTD:pdblkup.obj
 0003:00001bfc       __RTC_InitBase.rtc$IMZ     00418bfc     framework.obj
 0003:00001f08       __RTC_Shutdown.rtc$TMZ     00418f08     framework.obj
 0003:00002110       __sehtable$?__scrt_common_main_seh@@YAHXZ 00419110     MSVCRTD:exe_winmain.obj
 0003:00002130       __sehtable$?notify_debugger@@YAXABUtagEXCEPTION_VISUALCPP_DEBUG_INFO@@@Z 00419130     MSVCRTD:error.obj
 0003:00002150       __sehtable$___scrt_is_nonwritable_in_current_image 00419150     MSVCRTD:utility.obj
 0004:00000000       number1                    0041a000     example.obj
 0004:00000004       number2                    0041a004     example.obj
 0004:00000008       number3                    0041a008     example.obj
 0004:0000000c       number4                    0041a00c     example.obj
 0004:00000010       prompt1                    0041a010     example.obj
 0004:00000023       prompt2                    0041a023     example.obj
 0004:00000037       prompt3                    0041a037     example.obj
 0004:0000004a       prompt4                    0041a04a     example.obj
 0004:0000005e       string                     0041a05e     example.obj
 0004:00000086       resultLbl                  0041a086     example.obj
 0004:00000091       sum                        0041a091     example.obj
 0004:00000200       _buf                       0041a200     framework.obj
 0004:00000300       _inputLabel                0041a300     framework.obj
 0004:00000468       _GS_ExceptionRecord        0041a468     MSVCRTD:gs_report.obj
 0004:000004b8       _GS_ContextRecord          0041a4b8     MSVCRTD:gs_report.obj
 0004:00000823       ?init@?1??_RTC_InitBase@@9@4_NA 0041a823     MSVCRTD:init.obj
 0004:00000834       ?_RTC_ErrorReportFunc@@3P6AHHPBDH00ZZA 0041a834     MSVCRTD:userapi.obj
 0004:00000838       ?_RTC_ErrorReportFuncW@@3P6AHHPB_WH00ZZA 0041a838     MSVCRTD:userapi.obj
 0004:00000848       ?is_initialized_as_dll@@3_NA 0041a848     MSVCRTD:utility.obj
 0004:00000849       ?module_local_atexit_table_initialized@@3_NA 0041a849     MSVCRTD:utility.obj
 0004:0000084c       ?module_local_atexit_table@@3U_onexit_table_t@@A 0041a84c     MSVCRTD:utility.obj
 0004:00000858       ?module_local_at_quick_exit_table@@3U_onexit_table_t@@A 0041a858     MSVCRTD:utility.obj
 0004:00000894       ?mspdb@@3PAUHINSTANCE__@@A 0041a894     MSVCRTD:pdblkup.obj
 0004:00000898       ?alreadyTried@?1??GetPdbDll@@YAPAUHINSTANCE__@@XZ@4_NA 0041a898     MSVCRTD:pdblkup.obj
 0004:00000899       ?PDBOK@?1??_RTC_GetSrcLine@@YAHPAEPA_WKPAH1K@Z@4_NA 0041a899     MSVCRTD:pdblkup.obj
 0005:000004da       .idata$6                   0041b4da     user32:USER32.dll
 0005:000005ac       .idata$6                   0041b5ac     vcruntimed:VCRUNTIME140D.dll
 0005:00000832       .idata$6                   0041b832     ucrtd:ucrtbased.dll
 0005:00000a16       .idata$6                   0041ba16     kernel32:KERNEL32.dll
 0007:000001c0       $R000000                   0041d1c0     framework.res
 0007:00000268       $R0000A8                   0041d268     framework.res
